[0m22:10:42.158198 [debug] [MainThread]: Sending event: {'category': 'dbt', 'action': 'invocation', 'label': 'start', 'context': [<snowplow_tracker.self_describing_json.SelfDescribingJson object at 0x00000191E14A9D30>, <snowplow_tracker.self_describing_json.SelfDescribingJson object at 0x00000191DE223390>, <snowplow_tracker.self_describing_json.SelfDescribingJson object at 0x00000191E396BC50>]}


============================== 22:10:42.175671 | 0994d64d-d1fe-4147-9660-4f8888428828 ==============================
[0m22:10:42.175671 [info ] [MainThread]: Running with dbt=1.11.8
[0m22:10:42.176485 [debug] [MainThread]: running dbt with arguments {'version_check': 'True', 'no_print': 'None', 'static_parser': 'True', 'target_path': 'None', 'warn_error_options': 'WarnErrorOptionsV2(error=[], warn=[], silence=[])', 'printer_width': '80', 'write_json': 'True', 'empty': 'None', 'log_cache_events': 'False', 'introspect': 'True', 'cache_selected_only': 'False', 'log_format': 'default', 'debug': 'False', 'fail_fast': 'False', 'partial_parse': 'True', 'send_anonymous_usage_stats': 'True', 'quiet': 'False', 'warn_error': 'None', 'profiles_dir': 'C:\\Users\\HP\\.dbt', 'invocation_command': 'dbt init bank_bi', 'indirect_selection': 'eager', 'use_colors': 'True', 'use_experimental_parser': 'False', 'log_path': 'logs'}
[0m22:10:42.283856 [info ] [MainThread]: Creating dbt configuration folder at C:\Users\HP\.dbt
[0m22:10:42.289772 [debug] [MainThread]: Starter project path: C:\Users\HP\AppData\Roaming\Python\Python313\site-packages\dbt\include\starter_project
[0m22:10:42.341789 [info ] [MainThread]: 
Your new dbt project "bank_bi" was created!

For more information on how to configure the profiles.yml file,
please consult the dbt documentation here:

  https://docs.getdbt.com/docs/configure-your-profile

One more thing:

Need help? Don't hesitate to reach out to us via GitHub issues or on Slack:

  https://community.getdbt.com/

Happy modeling!

[0m22:10:42.342647 [info ] [MainThread]: Setting up your profile.
[0m22:14:05.225820 [info ] [MainThread]: Profile bank_bi written to C:\Users\HP\.dbt\profiles.yml using target's profile_template.yml and your supplied values. Run 'dbt debug' to validate the connection.
[0m22:14:05.226989 [debug] [MainThread]: Command `python -m dbt.cli.main init` succeeded at 22:14:05.226845 after 203.31 seconds
[0m22:14:05.227394 [debug] [MainThread]: Sending event: {'category': 'dbt', 'action': 'invocation', 'label': 'end', 'context': [<snowplow_tracker.self_describing_json.SelfDescribingJson object at 0x00000191E39FB230>, <snowplow_tracker.self_describing_json.SelfDescribingJson object at 0x00000191E3AD2450>, <snowplow_tracker.self_describing_json.SelfDescribingJson object at 0x00000191E3A00E20>]}
[0m22:14:05.227799 [debug] [MainThread]: Flushing usage events
[0m22:14:06.973024 [debug] [MainThread]: An error was encountered while trying to flush usage events
[0m15:15:53.719938 [debug] [MainThread]: Sending event: {'category': 'dbt', 'action': 'invocation', 'label': 'start', 'context': [<snowplow_tracker.self_describing_json.SelfDescribingJson object at 0x000002001FF39D30>, <snowplow_tracker.self_describing_json.SelfDescribingJson object at 0x000002001CD07390>, <snowplow_tracker.self_describing_json.SelfDescribingJson object at 0x00000200223FBC50>]}


============================== 15:15:53.731216 | 2c6a7272-72b0-4108-914e-5d3ec9da1a44 ==============================
[0m15:15:53.731216 [info ] [MainThread]: Running with dbt=1.11.8
[0m15:15:53.732063 [debug] [MainThread]: running dbt with arguments {'version_check': 'True', 'no_print': 'None', 'static_parser': 'True', 'warn_error_options': 'WarnErrorOptionsV2(error=[], warn=[], silence=[])', 'target_path': 'None', 'printer_width': '80', 'write_json': 'True', 'introspect': 'True', 'log_cache_events': 'False', 'empty': 'None', 'cache_selected_only': 'False', 'fail_fast': 'False', 'debug': 'False', 'log_format': 'default', 'partial_parse': 'True', 'send_anonymous_usage_stats': 'True', 'quiet': 'False', 'warn_error': 'None', 'profiles_dir': 'C:\\Users\\HP\\.dbt', 'use_colors': 'True', 'invocation_command': 'dbt init bank_bi', 'indirect_selection': 'eager', 'use_experimental_parser': 'False', 'log_path': 'logs'}
[0m15:15:53.770958 [info ] [MainThread]: A project called bank_bi already exists here.
[0m15:15:53.772005 [debug] [MainThread]: Command `python -m dbt.cli.main init` succeeded at 15:15:53.771857 after 0.31 seconds
[0m15:15:53.772389 [debug] [MainThread]: Sending event: {'category': 'dbt', 'action': 'invocation', 'label': 'end', 'context': [<snowplow_tracker.self_describing_json.SelfDescribingJson object at 0x0000020022488050>, <snowplow_tracker.self_describing_json.SelfDescribingJson object at 0x000002002245F410>, <snowplow_tracker.self_describing_json.SelfDescribingJson object at 0x00000200211479B0>]}
[0m15:15:53.772778 [debug] [MainThread]: Flushing usage events
[0m15:15:55.920006 [debug] [MainThread]: An error was encountered while trying to flush usage events
[0m15:16:16.090202 [debug] [MainThread]: Sending event: {'category': 'dbt', 'action': 'invocation', 'label': 'start', 'context': [<snowplow_tracker.self_describing_json.SelfDescribingJson object at 0x00000217FB389D30>, <snowplow_tracker.self_describing_json.SelfDescribingJson object at 0x00000217F8237390>, <snowplow_tracker.self_describing_json.SelfDescribingJson object at 0x00000217FD88FB10>]}


============================== 15:16:16.097784 | 4e71bc06-9856-4102-b917-e22aab998b2e ==============================
[0m15:16:16.097784 [info ] [MainThread]: Running with dbt=1.11.8
[0m15:16:16.098690 [debug] [MainThread]: running dbt with arguments {'version_check': 'True', 'no_print': 'None', 'static_parser': 'True', 'target_path': 'None', 'warn_error_options': 'WarnErrorOptionsV2(error=[], warn=[], silence=[])', 'printer_width': '80', 'write_json': 'True', 'empty': 'False', 'log_cache_events': 'False', 'introspect': 'True', 'cache_selected_only': 'False', 'log_format': 'default', 'debug': 'False', 'fail_fast': 'False', 'partial_parse': 'True', 'send_anonymous_usage_stats': 'True', 'quiet': 'False', 'warn_error': 'None', 'profiles_dir': 'C:\\Users\\HP\\.dbt', 'invocation_command': 'dbt run', 'use_colors': 'True', 'indirect_selection': 'eager', 'use_experimental_parser': 'False', 'log_path': 'logs'}
[0m15:16:16.099232 [error] [MainThread]: Encountered an error:
Runtime Error
  No dbt_project.yml found at expected path C:\Users\HP\Documents\bank_bi\dbt_project.yml
  Verify that each entry within packages.yml (and their transitive dependencies) contains a file named dbt_project.yml
  
[0m15:16:16.100295 [debug] [MainThread]: Command `python -m dbt.cli.main run` failed at 15:16:16.100150 after 0.21 seconds
[0m15:16:16.100642 [debug] [MainThread]: Sending event: {'category': 'dbt', 'action': 'invocation', 'label': 'end', 'context': [<snowplow_tracker.self_describing_json.SelfDescribingJson object at 0x00000217FD8C4B00>, <snowplow_tracker.self_describing_json.SelfDescribingJson object at 0x00000217FD86B0B0>, <snowplow_tracker.self_describing_json.SelfDescribingJson object at 0x00000217FD849D00>]}
[0m15:16:16.101027 [debug] [MainThread]: Flushing usage events
[0m15:16:17.801074 [debug] [MainThread]: An error was encountered while trying to flush usage events
